Testing StepCreate with alias 'metadata'...
  OK: name='Step 1' step_type=<StepType.task: 'task'> order=1 metadata_col={}
Testing StepCreate with field name 'metadata_col'...
  OK: name='Step 1' step_type=<StepType.task: 'task'> order=1 metadata_col={}
Testing StepResponse serialization...
  OK: name='Test' step_type=<StepType.task: 'task'> order=1 metadata_col={} id=UUID('faa0b1ef-067d-46e6-97aa-d536df124df5') workflow_id=UUID('c1815083-971e-464d-850b-5bdd4c4493f5') created_at=datetime.datetime(2026, 3, 17, 22, 48, 59, 877586) updated_at=None
